// Jest Snapshot v1, https://goo.gl/fbAQLP

exports[`LayoutPage Component Render the header with correct title 1`] = `
<div>
  <section
    class="bg-background h-screen w-full"
  >
    <header
      class="bg-header-blue py-2.5 px-5 rounded-t-round-30px"
    >
      <h2
        class="text-white font-bold  xl:text-3xl lg:text-2xl md:text-xl"
      >
        To Do
      </h2>
    </header>
    <main
      class="bg-background-main h-screen w-full rounded-b-round-30px pt-12.5 flex justify-center"
    >
      <div>
        Test Children
      </div>
    </main>
  </section>
</div>
`;
